    Checking pantograph-dependency-planning v0.1.0 (/workspace/Pantograph-chat-completion/crates/pantograph-dependency-planning)
    Checking pantograph-managed-dependencies v0.1.0 (/workspace/Pantograph-chat-completion/crates/pantograph-managed-dependencies)
    Checking pantograph-runtime-identity v0.1.0 (/workspace/Pantograph-chat-completion/crates/pantograph-runtime-identity)
    Checking pantograph-runtime-registry v0.1.0 (/workspace/Pantograph-chat-completion/crates/pantograph-runtime-registry)
    Checking pantograph-media-conversion v0.1.0 (/workspace/Pantograph-chat-completion/crates/pantograph-media-conversion)
    Checking pantograph-timing-contracts v0.1.0 (/workspace/Pantograph-chat-completion/crates/pantograph-timing-contracts)
    Checking pantograph-path-security v0.1.0 (/workspace/Pantograph-chat-completion/crates/pantograph-path-security)
    Checking pantograph-scheduler v0.1.0 (/workspace/Pantograph-chat-completion/crates/pantograph-scheduler)
    Checking inference v0.1.0 (/workspace/Pantograph-chat-completion/crates/inference)
    Checking pantograph-runtime-host-contracts v0.1.0 (/workspace/Pantograph-chat-completion/crates/pantograph-runtime-host-contracts)
    Checking pantograph-runtime-attribution v0.1.0 (/workspace/Pantograph-chat-completion/crates/pantograph-runtime-attribution)
    Checking pantograph-inference-interface-contracts v0.1.0 (/workspace/Pantograph-chat-completion/crates/pantograph-inference-interface-contracts)
    Checking pantograph-node-contracts v0.1.0 (/workspace/Pantograph-chat-completion/crates/pantograph-node-contracts)
    Checking pantograph-diagnostics-ledger v0.1.0 (/workspace/Pantograph-chat-completion/crates/pantograph-diagnostics-ledger)
    Checking node-engine v0.1.0 (/workspace/Pantograph-chat-completion/crates/node-engine)
    Checking pantograph-dependency-environment-service v0.1.0 (/workspace/Pantograph-chat-completion/crates/pantograph-dependency-environment-service)
    Checking workflow-nodes v0.1.0 (/workspace/Pantograph-chat-completion/crates/workflow-nodes)
    Checking pantograph-workflow-service v0.1.0 (/workspace/Pantograph-chat-completion/crates/pantograph-workflow-service)
error: items after a test module
   --> crates/inference/src/selected_text_execution.rs:207:1
    |
207 |   mod tests {
    |   ^^^^^^^^^
...
272 | / pub(crate) fn fixture() -> (
273 | |     tempfile::TempDir,
274 | |     InferenceExecutionRequest,
275 | |     PumasArtifactLoadTarget,
276 | |     BackendExecutionDecision,
277 | | ) {
    | |_^
    |
    = help: for further information visit https://rust-lang.github.io/rust-clippy/rust-1.92.0/index.html#items_after_test_module
    = note: `-D clippy::items-after-test-module` implied by `-D warnings`
    = help: to override `-D warnings` add `#[allow(clippy::items_after_test_module)]`
    = help: move the items to before the test module was defined

error: could not compile `inference` (lib test) due to 1 previous error
warning: build failed, waiting for other jobs to finish...
