    Finished `test` profile [unoptimized] target(s) in 0.75s
     Running unittests src/lib.rs (/workspace/pantograph-cache/target/debug/deps/inference-0e884a3b0e08ce43)

running 0 tests

test result: ok. 0 passed; 0 failed; 0 ignored; 0 measured; 802 filtered out; finished in 0.00s

     Running tests/device_contracts.rs (/workspace/pantograph-cache/target/debug/deps/device_contracts-89f65e61977435c3)

running 0 tests

test result: ok. 0 passed; 0 failed; 0 ignored; 0 measured; 7 filtered out; finished in 0.00s

     Running tests/diffusers_guidance_native.rs (/workspace/pantograph-cache/target/debug/deps/diffusers_guidance_native-015ee6208ed33bb4)

running 0 tests

test result: ok. 0 passed; 0 failed; 0 ignored; 0 measured; 3 filtered out; finished in 0.00s

     Running tests/managed_media_dependencies.rs (/workspace/pantograph-cache/target/debug/deps/managed_media_dependencies-6925e2576b4e8201)

running 0 tests

test result: ok. 0 passed; 0 failed; 0 ignored; 0 measured; 10 filtered out; finished in 0.00s

     Running tests/managed_redistributables.rs (/workspace/pantograph-cache/target/debug/deps/managed_redistributables-d7f9b29d815ff1aa)

running 0 tests

test result: ok. 0 passed; 0 failed; 0 ignored; 0 measured; 12 filtered out; finished in 0.00s

     Running tests/model_contracts.rs (/workspace/pantograph-cache/target/debug/deps/model_contracts-cbaa36c28b8bf979)

running 0 tests

test result: ok. 0 passed; 0 failed; 0 ignored; 0 measured; 42 filtered out; finished in 0.00s

     Running tests/process_termination.rs (/workspace/pantograph-cache/target/debug/deps/process_termination-f65754eff89e4096)

running 0 tests

test result: ok. 0 passed; 0 failed; 0 ignored; 0 measured; 2 filtered out; finished in 0.00s

     Running tests/pytorch_cuda_inventory_native.rs (/workspace/pantograph-cache/target/debug/deps/pytorch_cuda_inventory_native-647490b9279122bd)

running 0 tests

test result: ok. 0 passed; 0 failed; 0 ignored; 0 measured; 1 filtered out; finished in 0.00s

     Running tests/runtime_load_contracts.rs (/workspace/pantograph-cache/target/debug/deps/runtime_load_contracts-26fd5df526848606)

running 0 tests

test result: ok. 0 passed; 0 failed; 0 ignored; 0 measured; 1 filtered out; finished in 0.00s

     Running unittests src/lib.rs (/workspace/pantograph-cache/target/debug/deps/pantograph_embedded_runtime-e304b5d1155c8b12)

running 1 test
INFO:pantograph.pytorch:Shimmed dispatch_model for meta-tensor safety (transformers 4.53.3)
INFO:pantograph.pytorch:Loading gpt2 model from /tmp/.tmpLyRQRX onto cpu (trust_remote_code=False, local_files_only=True, revision=None, code_revision=None, cache_policy=backend_default, trust_policy_decision_id=None)
INFO:pantograph.pytorch:Model loaded: .tmpLyRQRX (gpt2)
INFO:pantograph.pytorch:Model unloaded: .tmpLyRQRX
INFO:pantograph.pytorch:Loading gpt2 model from /tmp/.tmpLyRQRX onto cpu (trust_remote_code=False, local_files_only=True, revision=None, code_revision=None, cache_policy=backend_default, trust_policy_decision_id=None)
INFO:pantograph.pytorch:Model loaded: .tmpLyRQRX (gpt2)
INFO:pantograph.pytorch:Model unloaded: .tmpLyRQRX
INFO:pantograph.pytorch:Loading gpt2 model from /tmp/.tmpLyRQRX onto cpu (trust_remote_code=False, local_files_only=True, revision=None, code_revision=None, cache_policy=backend_default, trust_policy_decision_id=None)
INFO:pantograph.pytorch:Model loaded: .tmpLyRQRX (gpt2)
INFO:pantograph.pytorch:Model unloaded: .tmpLyRQRX
INFO:pantograph.pytorch:Loading gpt2 model from /tmp/.tmpLyRQRX onto cpu (trust_remote_code=False, local_files_only=True, revision=None, code_revision=None, cache_policy=backend_default, trust_policy_decision_id=None)
INFO:pantograph.pytorch:Model loaded: .tmpLyRQRX (gpt2)
INFO:pantograph.pytorch:Model unloaded: .tmpLyRQRX
INFO:pantograph.pytorch:Loading gpt2 model from /tmp/.tmpLyRQRX onto cpu (trust_remote_code=False, local_files_only=True, revision=None, code_revision=None, cache_policy=backend_default, trust_policy_decision_id=None)
INFO:pantograph.pytorch:Model loaded: .tmpLyRQRX (gpt2)
INFO:pantograph.pytorch:Model unloaded: .tmpLyRQRX
INFO:pantograph.pytorch:Loading gpt2 model from /tmp/.tmpLyRQRX onto cpu (trust_remote_code=False, local_files_only=True, revision=None, code_revision=None, cache_policy=backend_default, trust_policy_decision_id=None)
INFO:pantograph.pytorch:Model loaded: .tmpLyRQRX (gpt2)
INFO:pantograph.pytorch:Model unloaded: .tmpLyRQRX
INFO:pantograph.pytorch:Loading gpt2 model from /tmp/.tmpLyRQRX onto cpu (trust_remote_code=False, local_files_only=True, revision=None, code_revision=None, cache_policy=backend_default, trust_policy_decision_id=None)
INFO:pantograph.pytorch:Model loaded: .tmpLyRQRX (gpt2)
INFO:pantograph.pytorch:Model unloaded: .tmpLyRQRX
INFO:pantograph.pytorch:Loading gpt2 model from /tmp/.tmpLyRQRX onto cpu (trust_remote_code=False, local_files_only=True, revision=None, code_revision=None, cache_policy=backend_default, trust_policy_decision_id=None)
INFO:pantograph.pytorch:Model loaded: .tmpLyRQRX (gpt2)
INFO:pantograph.pytorch:Model unloaded: .tmpLyRQRX
INFO:pantograph.pytorch:Loading gpt2 model from /tmp/.tmpLyRQRX onto cpu (trust_remote_code=False, local_files_only=True, revision=None, code_revision=None, cache_policy=backend_default, trust_policy_decision_id=None)
INFO:pantograph.pytorch:Model loaded: .tmpLyRQRX (gpt2)
model=11, task=chat_completion: 7 saved public graph replays + 2 separately attributed native envelope members, with pre-cancelled single/envelope isolation
INFO:pantograph.pytorch:Model unloaded: .tmpLyRQRX
INFO:pantograph.pytorch:Loading gpt2 model from /tmp/.tmp9JvfdL onto cpu (trust_remote_code=False, local_files_only=True, revision=None, code_revision=None, cache_policy=backend_default, trust_policy_decision_id=None)
INFO:pantograph.pytorch:Model loaded: .tmp9JvfdL (gpt2)
INFO:pantograph.pytorch:Model unloaded: .tmp9JvfdL
INFO:pantograph.pytorch:Loading gpt2 model from /tmp/.tmp9JvfdL onto cpu (trust_remote_code=False, local_files_only=True, revision=None, code_revision=None, cache_policy=backend_default, trust_policy_decision_id=None)
INFO:pantograph.pytorch:Model loaded: .tmp9JvfdL (gpt2)
INFO:pantograph.pytorch:Model unloaded: .tmp9JvfdL
INFO:pantograph.pytorch:Loading gpt2 model from /tmp/.tmp9JvfdL onto cpu (trust_remote_code=False, local_files_only=True, revision=None, code_revision=None, cache_policy=backend_default, trust_policy_decision_id=None)
INFO:pantograph.pytorch:Model loaded: .tmp9JvfdL (gpt2)
INFO:pantograph.pytorch:Model unloaded: .tmp9JvfdL
INFO:pantograph.pytorch:Loading gpt2 model from /tmp/.tmp9JvfdL onto cpu (trust_remote_code=False, local_files_only=True, revision=None, code_revision=None, cache_policy=backend_default, trust_policy_decision_id=None)
INFO:pantograph.pytorch:Model loaded: .tmp9JvfdL (gpt2)
INFO:pantograph.pytorch:Model unloaded: .tmp9JvfdL
INFO:pantograph.pytorch:Loading gpt2 model from /tmp/.tmp9JvfdL onto cpu (trust_remote_code=False, local_files_only=True, revision=None, code_revision=None, cache_policy=backend_default, trust_policy_decision_id=None)
INFO:pantograph.pytorch:Model loaded: .tmp9JvfdL (gpt2)
INFO:pantograph.pytorch:Model unloaded: .tmp9JvfdL
INFO:pantograph.pytorch:Loading gpt2 model from /tmp/.tmp9JvfdL onto cpu (trust_remote_code=False, local_files_only=True, revision=None, code_revision=None, cache_policy=backend_default, trust_policy_decision_id=None)
INFO:pantograph.pytorch:Model loaded: .tmp9JvfdL (gpt2)
INFO:pantograph.pytorch:Model unloaded: .tmp9JvfdL
INFO:pantograph.pytorch:Loading gpt2 model from /tmp/.tmp9JvfdL onto cpu (trust_remote_code=False, local_files_only=True, revision=None, code_revision=None, cache_policy=backend_default, trust_policy_decision_id=None)
INFO:pantograph.pytorch:Model loaded: .tmp9JvfdL (gpt2)
INFO:pantograph.pytorch:Model unloaded: .tmp9JvfdL
INFO:pantograph.pytorch:Loading gpt2 model from /tmp/.tmp9JvfdL onto cpu (trust_remote_code=False, local_files_only=True, revision=None, code_revision=None, cache_policy=backend_default, trust_policy_decision_id=None)
INFO:pantograph.pytorch:Model loaded: .tmp9JvfdL (gpt2)
INFO:pantograph.pytorch:Model unloaded: .tmp9JvfdL
INFO:pantograph.pytorch:Loading gpt2 model from /tmp/.tmp9JvfdL onto cpu (trust_remote_code=False, local_files_only=True, revision=None, code_revision=None, cache_policy=backend_default, trust_policy_decision_id=None)
INFO:pantograph.pytorch:Model loaded: .tmp9JvfdL (gpt2)
model=37, task=chat_completion: 7 saved public graph replays + 2 separately attributed native envelope members, with pre-cancelled single/envelope isolation
INFO:pantograph.pytorch:Model unloaded: .tmp9JvfdL
INFO:pantograph.pytorch:Loading gpt2 model from /tmp/.tmpgKeJyG onto cpu (trust_remote_code=False, local_files_only=True, revision=None, code_revision=None, cache_policy=backend_default, trust_policy_decision_id=None)
INFO:pantograph.pytorch:Model loaded: .tmpgKeJyG (gpt2)
INFO:pantograph.pytorch:Model unloaded: .tmpgKeJyG
INFO:pantograph.pytorch:Loading gpt2 model from /tmp/.tmpgKeJyG onto cpu (trust_remote_code=False, local_files_only=True, revision=None, code_revision=None, cache_policy=backend_default, trust_policy_decision_id=None)
INFO:pantograph.pytorch:Model loaded: .tmpgKeJyG (gpt2)
INFO:pantograph.pytorch:Model unloaded: .tmpgKeJyG
INFO:pantograph.pytorch:Loading gpt2 model from /tmp/.tmpgKeJyG onto cpu (trust_remote_code=False, local_files_only=True, revision=None, code_revision=None, cache_policy=backend_default, trust_policy_decision_id=None)
INFO:pantograph.pytorch:Model loaded: .tmpgKeJyG (gpt2)
INFO:pantograph.pytorch:Model unloaded: .tmpgKeJyG
INFO:pantograph.pytorch:Loading gpt2 model from /tmp/.tmpgKeJyG onto cpu (trust_remote_code=False, local_files_only=True, revision=None, code_revision=None, cache_policy=backend_default, trust_policy_decision_id=None)
INFO:pantograph.pytorch:Model loaded: .tmpgKeJyG (gpt2)
INFO:pantograph.pytorch:Model unloaded: .tmpgKeJyG
INFO:pantograph.pytorch:Loading gpt2 model from /tmp/.tmpgKeJyG onto cpu (trust_remote_code=False, local_files_only=True, revision=None, code_revision=None, cache_policy=backend_default, trust_policy_decision_id=None)
INFO:pantograph.pytorch:Model loaded: .tmpgKeJyG (gpt2)
INFO:pantograph.pytorch:Model unloaded: .tmpgKeJyG
INFO:pantograph.pytorch:Loading gpt2 model from /tmp/.tmpgKeJyG onto cpu (trust_remote_code=False, local_files_only=True, revision=None, code_revision=None, cache_policy=backend_default, trust_policy_decision_id=None)
INFO:pantograph.pytorch:Model loaded: .tmpgKeJyG (gpt2)
INFO:pantograph.pytorch:Model unloaded: .tmpgKeJyG
INFO:pantograph.pytorch:Loading gpt2 model from /tmp/.tmpgKeJyG onto cpu (trust_remote_code=False, local_files_only=True, revision=None, code_revision=None, cache_policy=backend_default, trust_policy_decision_id=None)
INFO:pantograph.pytorch:Model loaded: .tmpgKeJyG (gpt2)
INFO:pantograph.pytorch:Model unloaded: .tmpgKeJyG
INFO:pantograph.pytorch:Loading gpt2 model from /tmp/.tmpgKeJyG onto cpu (trust_remote_code=False, local_files_only=True, revision=None, code_revision=None, cache_policy=backend_default, trust_policy_decision_id=None)
INFO:pantograph.pytorch:Model loaded: .tmpgKeJyG (gpt2)
INFO:pantograph.pytorch:Model unloaded: .tmpgKeJyG
INFO:pantograph.pytorch:Loading gpt2 model from /tmp/.tmpgKeJyG onto cpu (trust_remote_code=False, local_files_only=True, revision=None, code_revision=None, cache_policy=backend_default, trust_policy_decision_id=None)
INFO:pantograph.pytorch:Model loaded: .tmpgKeJyG (gpt2)
model=11, task=text_generation: 7 saved public graph replays + 2 separately attributed native envelope members, with pre-cancelled single/envelope isolation
INFO:pantograph.pytorch:Model unloaded: .tmpgKeJyG
INFO:pantograph.pytorch:Loading gpt2 model from /tmp/.tmpwTn1Wl onto cpu (trust_remote_code=False, local_files_only=True, revision=None, code_revision=None, cache_policy=backend_default, trust_policy_decision_id=None)
INFO:pantograph.pytorch:Model loaded: .tmpwTn1Wl (gpt2)
INFO:pantograph.pytorch:Model unloaded: .tmpwTn1Wl
INFO:pantograph.pytorch:Loading gpt2 model from /tmp/.tmpwTn1Wl onto cpu (trust_remote_code=False, local_files_only=True, revision=None, code_revision=None, cache_policy=backend_default, trust_policy_decision_id=None)
INFO:pantograph.pytorch:Model loaded: .tmpwTn1Wl (gpt2)
INFO:pantograph.pytorch:Model unloaded: .tmpwTn1Wl
INFO:pantograph.pytorch:Loading gpt2 model from /tmp/.tmpwTn1Wl onto cpu (trust_remote_code=False, local_files_only=True, revision=None, code_revision=None, cache_policy=backend_default, trust_policy_decision_id=None)
INFO:pantograph.pytorch:Model loaded: .tmpwTn1Wl (gpt2)
INFO:pantograph.pytorch:Model unloaded: .tmpwTn1Wl
INFO:pantograph.pytorch:Loading gpt2 model from /tmp/.tmpwTn1Wl onto cpu (trust_remote_code=False, local_files_only=True, revision=None, code_revision=None, cache_policy=backend_default, trust_policy_decision_id=None)
INFO:pantograph.pytorch:Model loaded: .tmpwTn1Wl (gpt2)
INFO:pantograph.pytorch:Model unloaded: .tmpwTn1Wl
INFO:pantograph.pytorch:Loading gpt2 model from /tmp/.tmpwTn1Wl onto cpu (trust_remote_code=False, local_files_only=True, revision=None, code_revision=None, cache_policy=backend_default, trust_policy_decision_id=None)
INFO:pantograph.pytorch:Model loaded: .tmpwTn1Wl (gpt2)
INFO:pantograph.pytorch:Model unloaded: .tmpwTn1Wl
INFO:pantograph.pytorch:Loading gpt2 model from /tmp/.tmpwTn1Wl onto cpu (trust_remote_code=False, local_files_only=True, revision=None, code_revision=None, cache_policy=backend_default, trust_policy_decision_id=None)
INFO:pantograph.pytorch:Model loaded: .tmpwTn1Wl (gpt2)
INFO:pantograph.pytorch:Model unloaded: .tmpwTn1Wl
INFO:pantograph.pytorch:Loading gpt2 model from /tmp/.tmpwTn1Wl onto cpu (trust_remote_code=False, local_files_only=True, revision=None, code_revision=None, cache_policy=backend_default, trust_policy_decision_id=None)
INFO:pantograph.pytorch:Model loaded: .tmpwTn1Wl (gpt2)
INFO:pantograph.pytorch:Model unloaded: .tmpwTn1Wl
INFO:pantograph.pytorch:Loading gpt2 model from /tmp/.tmpwTn1Wl onto cpu (trust_remote_code=False, local_files_only=True, revision=None, code_revision=None, cache_policy=backend_default, trust_policy_decision_id=None)
INFO:pantograph.pytorch:Model loaded: .tmpwTn1Wl (gpt2)
INFO:pantograph.pytorch:Model unloaded: .tmpwTn1Wl
INFO:pantograph.pytorch:Loading gpt2 model from /tmp/.tmpwTn1Wl onto cpu (trust_remote_code=False, local_files_only=True, revision=None, code_revision=None, cache_policy=backend_default, trust_policy_decision_id=None)
INFO:pantograph.pytorch:Model loaded: .tmpwTn1Wl (gpt2)
model=11, task=chat_completion: 7 saved public graph replays + 2 separately attributed native envelope members, with pre-cancelled single/envelope isolation
INFO:pantograph.pytorch:Model unloaded: .tmpwTn1Wl
test tests::workflow_run_execution_tests::cpu_chat_graph_tests::saved_cpu_chat_graph_runs_native_owner_with_template_controls_and_scope_isolation ... ok

test result: ok. 1 passed; 0 failed; 0 ignored; 0 measured; 543 filtered out; finished in 6.41s

     Running unittests src/lib.rs (/workspace/pantograph-cache/target/debug/deps/pantograph_inference_interface_contracts-4239f14ff2369217)

running 0 tests

test result: ok. 0 passed; 0 failed; 0 ignored; 0 measured; 0 filtered out; finished in 0.00s

     Running tests/contract.rs (/workspace/pantograph-cache/target/debug/deps/contract-6a938acb9ba33cd5)

running 0 tests

test result: ok. 0 passed; 0 failed; 0 ignored; 0 measured; 29 filtered out; finished in 0.00s

     Running unittests src/lib.rs (/workspace/pantograph-cache/target/debug/deps/pantograph_runtime_host_contracts-e18a0cd9efe5f9f2)

running 0 tests

test result: ok. 0 passed; 0 failed; 0 ignored; 0 measured; 45 filtered out; finished in 0.00s

     Running tests/as_ref_compatibility.rs (/workspace/pantograph-cache/target/debug/deps/as_ref_compatibility-d7549bf6656776e8)

running 0 tests

test result: ok. 0 passed; 0 failed; 0 ignored; 0 measured; 7 filtered out; finished in 0.00s

     Running unittests src/lib.rs (/workspace/pantograph-cache/target/debug/deps/pantograph_workflow_service-612182e3c8af21ca)

running 0 tests

test result: ok. 0 passed; 0 failed; 0 ignored; 0 measured; 926 filtered out; finished in 0.00s

     Running tests/artifact_contract.rs (/workspace/pantograph-cache/target/debug/deps/artifact_contract-7d90a39ade99e861)

running 0 tests

test result: ok. 0 passed; 0 failed; 0 ignored; 0 measured; 7 filtered out; finished in 0.00s

     Running tests/artifact_format_settings.rs (/workspace/pantograph-cache/target/debug/deps/artifact_format_settings-71a039260630a799)

running 0 tests

test result: ok. 0 passed; 0 failed; 0 ignored; 0 measured; 4 filtered out; finished in 0.00s

     Running tests/artifact_store.rs (/workspace/pantograph-cache/target/debug/deps/artifact_store-a7a4b68f464234d3)

running 0 tests

test result: ok. 0 passed; 0 failed; 0 ignored; 0 measured; 13 filtered out; finished in 0.00s

     Running tests/artifact_store_policy.rs (/workspace/pantograph-cache/target/debug/deps/artifact_store_policy-3e1826c9c173c1c0)

running 0 tests

test result: ok. 0 passed; 0 failed; 0 ignored; 0 measured; 2 filtered out; finished in 0.00s

     Running tests/contract.rs (/workspace/pantograph-cache/target/debug/deps/contract-f203ca1df48ae326)

running 0 tests

test result: ok. 0 passed; 0 failed; 0 ignored; 0 measured; 31 filtered out; finished in 0.00s

     Running tests/dependency_requirements_registry.rs (/workspace/pantograph-cache/target/debug/deps/dependency_requirements_registry-064b367b2088fa61)

running 0 tests

test result: ok. 0 passed; 0 failed; 0 ignored; 0 measured; 3 filtered out; finished in 0.00s

