    Blocking waiting for file lock on build directory
    Checking pantograph-dependency-planning v0.1.0 (/workspace/Pantograph-embedding-graphs/crates/pantograph-dependency-planning)
    Checking pantograph-managed-dependencies v0.1.0 (/workspace/Pantograph-embedding-graphs/crates/pantograph-managed-dependencies)
    Checking pantograph-runtime-identity v0.1.0 (/workspace/Pantograph-embedding-graphs/crates/pantograph-runtime-identity)
    Checking pantograph-runtime-registry v0.1.0 (/workspace/Pantograph-embedding-graphs/crates/pantograph-runtime-registry)
    Checking pantograph-media-conversion v0.1.0 (/workspace/Pantograph-embedding-graphs/crates/pantograph-media-conversion)
    Checking pantograph-timing-contracts v0.1.0 (/workspace/Pantograph-embedding-graphs/crates/pantograph-timing-contracts)
    Checking pantograph-path-security v0.1.0 (/workspace/Pantograph-embedding-graphs/crates/pantograph-path-security)
    Checking pantograph-scheduler v0.1.0 (/workspace/Pantograph-embedding-graphs/crates/pantograph-scheduler)
    Checking inference v0.1.0 (/workspace/Pantograph-embedding-graphs/crates/inference)
    Checking pantograph-runtime-host-contracts v0.1.0 (/workspace/Pantograph-embedding-graphs/crates/pantograph-runtime-host-contracts)
    Checking pantograph-runtime-attribution v0.1.0 (/workspace/Pantograph-embedding-graphs/crates/pantograph-runtime-attribution)
    Checking pantograph-inference-interface-contracts v0.1.0 (/workspace/Pantograph-embedding-graphs/crates/pantograph-inference-interface-contracts)
    Checking pantograph-node-contracts v0.1.0 (/workspace/Pantograph-embedding-graphs/crates/pantograph-node-contracts)
    Checking pantograph-diagnostics-ledger v0.1.0 (/workspace/Pantograph-embedding-graphs/crates/pantograph-diagnostics-ledger)
    Checking pantograph-dependency-environment-service v0.1.0 (/workspace/Pantograph-embedding-graphs/crates/pantograph-dependency-environment-service)
    Checking node-engine v0.1.0 (/workspace/Pantograph-embedding-graphs/crates/node-engine)
    Checking workflow-nodes v0.1.0 (/workspace/Pantograph-embedding-graphs/crates/workflow-nodes)
    Checking pantograph-workflow-service v0.1.0 (/workspace/Pantograph-embedding-graphs/crates/pantograph-workflow-service)
    Checking pantograph-embedded-runtime v0.1.0 (/workspace/Pantograph-embedding-graphs/crates/pantograph-embedded-runtime)
    Finished `dev` profile [unoptimized] target(s) in 3m 06s
